../template/data/snapshot/Tcontour_0.500.dat
../template/data/snapshot/Tcontour_0.520.dat
../template/data/snapshot/Tcontour_0.540.dat
../template/data/snapshot/Tcontour_0.560.dat
../template/data/snapshot/Tcontour_0.580.dat
../template/data/snapshot/Tcontour_0.600.dat
../template/data/snapshot/Tcontour_0.620.dat
../template/data/snapshot/Tcontour_0.640.dat
../template/data/snapshot/Tcontour_0.660.dat
../template/data/snapshot/Tcontour_0.680.dat
../template/data/snapshot/Tcontour_0.700.dat
../template/data/snapshot/Tcontour_0.720.dat
../template/data/snapshot/Tcontour_0.740.dat
../template/data/snapshot/Tcontour_0.760.dat
../template/data/snapshot/Tcontour_0.780.dat
../template/data/snapshot/Tcontour_0.800.dat
../template/data/snapshot/Tcontour_0.820.dat
../template/data/snapshot/Tcontour_0.840.dat
../template/data/snapshot/Tcontour_0.860.dat
../template/data/snapshot/Tcontour_0.880.dat
../template/data/snapshot/Tcontour_0.900.dat
../template/data/snapshot/Tcontour_0.920.dat
../template/data/snapshot/Tcontour_0.940.dat
../template/data/snapshot/Tcontour_0.960.dat
../template/data/snapshot/Tcontour_0.980.dat
../template/data/snapshot/Tcontour_1.000.dat
../template/data/snapshot/Tcontour_1.020.dat
../template/data/snapshot/Tcontour_1.040.dat
../template/data/snapshot/Tcontour_1.060.dat
../template/data/snapshot/Tcontour_1.080.dat
../template/data/snapshot/Tcontour_1.100.dat
../template/data/snapshot/Tcontour_1.120.dat
../template/data/snapshot/Tcontour_1.140.dat
../template/data/snapshot/Tcontour_1.160.dat
../template/data/snapshot/Tcontour_1.180.dat
../template/data/snapshot/Tcontour_1.200.dat
../template/data/snapshot/Tcontour_1.220.dat
../template/data/snapshot/Tcontour_1.240.dat
../template/data/snapshot/Tcontour_1.260.dat
../template/data/snapshot/Tcontour_1.280.dat
../template/data/snapshot/Tcontour_1.300.dat
../template/data/snapshot/Tcontour_1.320.dat
../template/data/snapshot/Tcontour_1.340.dat
../template/data/snapshot/Tcontour_1.360.dat
../template/data/snapshot/Tcontour_1.380.dat
../template/data/snapshot/Tcontour_1.400.dat
../template/data/snapshot/Tcontour_1.420.dat
../template/data/snapshot/Tcontour_1.440.dat
../template/data/snapshot/Tcontour_1.460.dat
../template/data/snapshot/Tcontour_1.480.dat
../template/data/snapshot/Tcontour_1.500.dat
../template/data/snapshot/Tcontour_1.520.dat
../template/data/snapshot/Tcontour_1.540.dat
../template/data/snapshot/Tcontour_1.560.dat
../template/data/snapshot/Tcontour_1.580.dat
../template/data/snapshot/Tcontour_1.600.dat
../template/data/snapshot/Tcontour_1.621.dat
../template/data/snapshot/Tcontour_1.641.dat
../template/data/snapshot/Tcontour_1.661.dat
../template/data/snapshot/Tcontour_1.681.dat
../template/data/snapshot/Tcontour_1.701.dat
../template/data/snapshot/Tcontour_1.721.dat
../template/data/snapshot/Tcontour_1.741.dat
../template/data/snapshot/Tcontour_1.761.dat
../template/data/snapshot/Tcontour_1.781.dat
../template/data/snapshot/Tcontour_1.801.dat
../template/data/snapshot/Tcontour_1.821.dat
../template/data/snapshot/Tcontour_1.841.dat
../template/data/snapshot/Tcontour_1.861.dat
../template/data/snapshot/Tcontour_1.881.dat
../template/data/snapshot/Tcontour_1.901.dat
../template/data/snapshot/Tcontour_1.921.dat
../template/data/snapshot/Tcontour_1.941.dat
../template/data/snapshot/Tcontour_1.961.dat
../template/data/snapshot/Tcontour_1.981.dat
../template/data/snapshot/Tcontour_2.001.dat
../template/data/snapshot/Tcontour_2.021.dat
../template/data/snapshot/Tcontour_2.041.dat
../template/data/snapshot/Tcontour_2.061.dat
../template/data/snapshot/Tcontour_2.081.dat
../template/data/snapshot/Tcontour_2.101.dat
../template/data/snapshot/Tcontour_2.121.dat
../template/data/snapshot/Tcontour_2.141.dat
../template/data/snapshot/Tcontour_2.161.dat
../template/data/snapshot/Tcontour_2.181.dat
../template/data/snapshot/Tcontour_2.201.dat
../template/data/snapshot/Tcontour_2.221.dat
../template/data/snapshot/Tcontour_2.241.dat
../template/data/snapshot/Tcontour_2.261.dat
../template/data/snapshot/Tcontour_2.281.dat
../template/data/snapshot/Tcontour_2.301.dat
../template/data/snapshot/Tcontour_2.321.dat
../template/data/snapshot/Tcontour_2.341.dat
../template/data/snapshot/Tcontour_2.361.dat
../template/data/snapshot/Tcontour_2.381.dat
../template/data/snapshot/Tcontour_2.401.dat
../template/data/snapshot/Tcontour_2.421.dat
../template/data/snapshot/Tcontour_2.441.dat
../template/data/snapshot/Tcontour_2.461.dat
../template/data/snapshot/Tcontour_2.481.dat
../template/data/snapshot/Tcontour_2.501.dat
../template/data/snapshot/Tcontour_2.521.dat
../template/data/snapshot/Tcontour_2.541.dat
../template/data/snapshot/Tcontour_2.561.dat
../template/data/snapshot/Tcontour_2.581.dat
../template/data/snapshot/Tcontour_2.601.dat
../template/data/snapshot/Tcontour_2.621.dat
../template/data/snapshot/Tcontour_2.641.dat
../template/data/snapshot/Tcontour_2.661.dat
../template/data/snapshot/Tcontour_2.681.dat
../template/data/snapshot/Tcontour_2.701.dat
../template/data/snapshot/Tcontour_2.721.dat
../template/data/snapshot/Tcontour_2.741.dat
../template/data/snapshot/Tcontour_2.761.dat
../template/data/snapshot/Tcontour_2.781.dat
../template/data/snapshot/Tcontour_2.801.dat
../template/data/snapshot/Tcontour_2.821.dat
../template/data/snapshot/Tcontour_2.841.dat
../template/data/snapshot/Tcontour_2.861.dat
../template/data/snapshot/Tcontour_2.881.dat
../template/data/snapshot/Tcontour_2.901.dat
../template/data/snapshot/Tcontour_2.921.dat
../template/data/snapshot/Tcontour_2.941.dat
../template/data/snapshot/Tcontour_2.961.dat
../template/data/snapshot/Tcontour_2.981.dat
../template/data/snapshot/Tcontour_3.001.dat
../template/data/snapshot/Tcontour_3.021.dat
../template/data/snapshot/Tcontour_3.041.dat
../template/data/snapshot/Tcontour_3.061.dat
../template/data/snapshot/Tcontour_3.081.dat
../template/data/snapshot/Tcontour_3.101.dat
../template/data/snapshot/Tcontour_3.121.dat
../template/data/snapshot/Tcontour_3.141.dat
../template/data/snapshot/Tcontour_3.161.dat
../template/data/snapshot/Tcontour_3.181.dat
../template/data/snapshot/Tcontour_3.201.dat
../template/data/snapshot/Tcontour_3.221.dat
../template/data/snapshot/Tcontour_3.241.dat
../template/data/snapshot/Tcontour_3.261.dat
../template/data/snapshot/Tcontour_3.281.dat
../template/data/snapshot/Tcontour_3.301.dat
../template/data/snapshot/Tcontour_3.321.dat
../template/data/snapshot/Tcontour_3.341.dat
../template/data/snapshot/Tcontour_3.361.dat
../template/data/snapshot/Tcontour_3.381.dat
../template/data/snapshot/Tcontour_3.401.dat
../template/data/snapshot/Tcontour_3.421.dat
../template/data/snapshot/Tcontour_3.441.dat
../template/data/snapshot/Tcontour_3.461.dat
../template/data/snapshot/Tcontour_3.481.dat
../template/data/snapshot/Tcontour_3.501.dat
../template/data/snapshot/Tcontour_3.521.dat
../template/data/snapshot/Tcontour_3.541.dat
../template/data/snapshot/Tcontour_3.561.dat
../template/data/snapshot/Tcontour_3.581.dat
../template/data/snapshot/Tcontour_3.601.dat
../template/data/snapshot/Tcontour_3.621.dat
../template/data/snapshot/Tcontour_3.641.dat
../template/data/snapshot/Tcontour_3.661.dat
../template/data/snapshot/Tcontour_3.681.dat
../template/data/snapshot/Tcontour_3.701.dat
../template/data/snapshot/Tcontour_3.721.dat
../template/data/snapshot/Tcontour_3.741.dat
../template/data/snapshot/Tcontour_3.761.dat
../template/data/snapshot/Tcontour_3.781.dat
../template/data/snapshot/Tcontour_3.801.dat
../template/data/snapshot/Tcontour_3.822.dat
../template/data/snapshot/Tcontour_3.842.dat
../template/data/snapshot/Tcontour_3.862.dat
../template/data/snapshot/Tcontour_3.882.dat
../template/data/snapshot/Tcontour_3.902.dat
../template/data/snapshot/Tcontour_3.922.dat
../template/data/snapshot/Tcontour_3.942.dat
../template/data/snapshot/Tcontour_3.962.dat
../template/data/snapshot/Tcontour_3.982.dat
../template/data/snapshot/Tcontour_4.002.dat
../template/data/snapshot/Tcontour_4.022.dat
../template/data/snapshot/Tcontour_4.042.dat
../template/data/snapshot/Tcontour_4.062.dat
../template/data/snapshot/Tcontour_4.082.dat
../template/data/snapshot/Tcontour_4.102.dat
../template/data/snapshot/Tcontour_4.122.dat
../template/data/snapshot/Tcontour_4.142.dat
../template/data/snapshot/Tcontour_4.162.dat
../template/data/snapshot/Tcontour_4.182.dat
../template/data/snapshot/Tcontour_4.202.dat
../template/data/snapshot/Tcontour_4.222.dat
../template/data/snapshot/Tcontour_4.242.dat
../template/data/snapshot/Tcontour_4.262.dat
../template/data/snapshot/Tcontour_4.282.dat
../template/data/snapshot/Tcontour_4.302.dat
../template/data/snapshot/Tcontour_4.322.dat
../template/data/snapshot/Tcontour_4.342.dat
../template/data/snapshot/Tcontour_4.362.dat
../template/data/snapshot/Tcontour_4.382.dat
../template/data/snapshot/Tcontour_4.402.dat
../template/data/snapshot/Tcontour_4.422.dat
../template/data/snapshot/Tcontour_4.442.dat
../template/data/snapshot/Tcontour_4.462.dat
../template/data/snapshot/Tcontour_4.482.dat
../template/data/snapshot/Tcontour_4.502.dat
../template/data/snapshot/Tcontour_4.522.dat
../template/data/snapshot/Tcontour_4.542.dat
../template/data/snapshot/Tcontour_4.562.dat
../template/data/snapshot/Tcontour_4.582.dat
../template/data/snapshot/Tcontour_4.602.dat
../template/data/snapshot/Tcontour_4.622.dat
../template/data/snapshot/Tcontour_4.642.dat
../template/data/snapshot/Tcontour_4.662.dat
../template/data/snapshot/Tcontour_4.682.dat
../template/data/snapshot/Tcontour_4.702.dat
../template/data/snapshot/Tcontour_4.722.dat
../template/data/snapshot/Tcontour_4.742.dat
../template/data/snapshot/Tcontour_4.762.dat
../template/data/snapshot/Tcontour_4.782.dat
../template/data/snapshot/Tcontour_4.802.dat
../template/data/snapshot/Tcontour_4.822.dat
../template/data/snapshot/Tcontour_4.842.dat
../template/data/snapshot/Tcontour_4.862.dat
../template/data/snapshot/Tcontour_4.882.dat
../template/data/snapshot/Tcontour_4.902.dat
../template/data/snapshot/Tcontour_4.922.dat
../template/data/snapshot/Tcontour_4.942.dat
../template/data/snapshot/Tcontour_4.962.dat
../template/data/snapshot/Tcontour_4.982.dat
../template/data/snapshot/Tcontour_5.002.dat
../template/data/snapshot/Tcontour_5.022.dat
../template/data/snapshot/Tcontour_5.042.dat
../template/data/snapshot/Tcontour_5.062.dat
../template/data/snapshot/Tcontour_5.082.dat
../template/data/snapshot/Tcontour_5.102.dat
../template/data/snapshot/Tcontour_5.122.dat
../template/data/snapshot/Tcontour_5.142.dat
../template/data/snapshot/Tcontour_5.162.dat
../template/data/snapshot/Tcontour_5.182.dat
../template/data/snapshot/Tcontour_5.202.dat
../template/data/snapshot/Tcontour_5.222.dat
../template/data/snapshot/Tcontour_5.242.dat
../template/data/snapshot/Tcontour_5.262.dat
../template/data/snapshot/Tcontour_5.282.dat
../template/data/snapshot/Tcontour_5.302.dat
../template/data/snapshot/Tcontour_5.322.dat
../template/data/snapshot/Tcontour_5.342.dat
../template/data/snapshot/Tcontour_5.362.dat
../template/data/snapshot/Tcontour_5.382.dat
../template/data/snapshot/Tcontour_5.402.dat
../template/data/snapshot/Tcontour_5.422.dat
../template/data/snapshot/Tcontour_5.442.dat
../template/data/snapshot/Tcontour_5.462.dat
../template/data/snapshot/Tcontour_5.482.dat
../template/data/snapshot/Tcontour_5.502.dat
../template/data/snapshot/Tcontour_5.522.dat
../template/data/snapshot/Tcontour_5.542.dat
../template/data/snapshot/Tcontour_5.562.dat
../template/data/snapshot/Tcontour_5.582.dat
../template/data/snapshot/Tcontour_5.602.dat
../template/data/snapshot/Tcontour_5.622.dat
../template/data/snapshot/Tcontour_5.642.dat
../template/data/snapshot/Tcontour_5.662.dat
../template/data/snapshot/Tcontour_5.682.dat
../template/data/snapshot/Tcontour_5.702.dat
../template/data/snapshot/Tcontour_5.722.dat
../template/data/snapshot/Tcontour_5.742.dat
../template/data/snapshot/Tcontour_5.762.dat
../template/data/snapshot/Tcontour_5.782.dat
../template/data/snapshot/Tcontour_5.802.dat
